.......................                                                  [100%]
============================== warnings summary ===============================
tests/test_model_development.py::test_dummy_accuracy_vs_real
  D:\Msc_CS\Lib\site-packages\sklearn\naive_bayes.py:513: RuntimeWarning: divide by zero encountered in log
    n_ij = -0.5 * np.sum(np.log(2.0 * np.pi * self.var_[i, :]))

tests/test_model_development.py::test_dummy_accuracy_vs_real
  D:\Msc_CS\Lib\site-packages\sklearn\naive_bayes.py:514: RuntimeWarning: divide by zero encountered in divide
    n_ij -= 0.5 * np.sum(((X - self.theta_[i, :]) ** 2) / (self.var_[i, :]), 1)

tests/test_model_development.py::test_dummy_accuracy_vs_real
  D:\Msc_CS\Lib\site-packages\sklearn\naive_bayes.py:514: RuntimeWarning: invalid value encountered in subtract
    n_ij -= 0.5 * np.sum(((X - self.theta_[i, :]) ** 2) / (self.var_[i, :]), 1)

tests/test_model_development.py::test_dummy_accuracy_vs_real
tests/test_model_development.py::test_dummy_accuracy_vs_real
tests/test_model_development.py::test_dummy_accuracy_vs_real
  D:\Msc_CS\Lib\site-packages\sklearn\metrics\_classification.py:1565: UndefinedMetricWarning: Precision is ill-defined and being set to 0.0 in labels with no predicted samples. Use `zero_division` parameter to control this behavior.
    _warn_prf(average, modifier, f"{metric.capitalize()} is", len(result))

tests/test_model_development.py::test_dummy_accuracy_vs_real
tests/test_model_development.py::test_dummy_accuracy_vs_real
tests/test_model_development.py::test_dummy_accuracy_vs_real
  D:\Msc_CS\Lib\site-packages\sklearn\metrics\_classification.py:1565: UndefinedMetricWarning: Recall is ill-defined and being set to 0.0 in labels with no true samples. Use `zero_division` parameter to control this behavior.
    _warn_prf(average, modifier, f"{metric.capitalize()} is", len(result))

-- Docs: https://docs.pytest.org/en/stable/how-to/capture-warnings.html
============================ ML Test Score Summary ============================
Feature Data             : 7 / 7
Model Dev                : 4 / 5
Infrastructure           : 2 / 4
Monitoring               : 1 / 4
::ML_TEST_SCORE::70
=============================== tests coverage ================================
_______________ coverage: platform win32, python 3.12.9-final-0 _______________

Name              Stmts   Miss  Cover
-------------------------------------
src\evaluate.py      29     29     0%
src\train.py         37      4    89%
-------------------------------------
TOTAL                66     33    50%
Coverage XML written to file coverage.xml
23 passed, 9 warnings in 2.36s
